// Jest Snapshot v1, https://goo.gl/fbAQLP

exports[`BaseText renders to snapshot 1`] = `
<Text
  accessible={true}
  allowFontScaling={true}
  disabled={false}
  ellipsizeMode="tail"
  style={
    Array [
      Object {
        "color": "#333",
        "fontSize": 16,
        "marginBottom": 6,
        "textAlign": "center",
      },
      Object {
        "color": undefined,
        "fontSize": undefined,
      },
    ]
  }
/>
`;
